// Jest Snapshot v1, https://goo.gl/fbAQLP

exports[`renders the UI as expected 1`] = `
<section
  className="List"
>
  <header
    className="List-header"
  >
    <h2 />
  </header>
  <div
    className="List-cards"
  >
    <div
      className="Card"
    >
      <button
        onClick={[Function]}
        type="button"
      >
        delete
      </button>
      <h3>
        my title
      </h3>
      <p>
        some content
      </p>
    </div>
    <button
      className="List-add-button"
      onClick={[Function]}
      type="button"
    >
      + Add Random Card
    </button>
  </div>
</section>
`;
